
   WARN  Metadata found in doc-comment for class Tests\Unit\Http\Livewire\CheckoutPageTest. Metadata in doc-comments is deprecated and will no longer be supported in PHPUnit 12. Update your test code to use attributes instead.

   WARN  Metadata found in doc-comment for method Tests\Unit\Http\Livewire\CheckoutPageTest::test_checkout_step_is_correct_on_load(). Metadata in doc-comments is deprecated and will no longer be supported in PHPUnit 12. Update your test code to use attributes instead.

   PASS  Tests\Unit\Http\Livewire\CheckoutPageTest
  Ô£ô component can mount                                                                                                                                               3.10s  
  Ô£ô checkout step is correct on load                                                                                                                                  0.43s  
  Ô£ô checkout step is correct with shipping on load                                                                                                                    0.44s  
  Ô£ô checkout on billing if we have shipping option                                                                                                                    0.47s  
  Ô£ô checkout on payment if we have billing address                                                                                                                    0.45s  
  Ô£ô can save shipping address                                                                                                                                         0.87s  
  Ô£ô can save billing address                                                                                                                                          0.91s  

   PASS  Tests\Unit\Http\Livewire\CollectionPageTest
  Ô£ô component can mount                                                                                                                                               0.54s  
  Ô£ô 404 if not found                                                                                                                                                  0.46s  
  Ô£ô collection is rendered                                                                                                                                            0.38s  
  Ô£ô collection renders products                                                                                                                                       0.56s  

   PASS  Tests\Unit\Http\Livewire\Components\NavigationTest
  Ô£ô component can mount                                                                                                                                               0.51s  
  Ô£ô collections are visible                                                                                                                                           0.60s  

   PASS  Tests\Unit\Http\Livewire\HomeTest
  Ô£ô component can mount                                                                                                                                               0.49s  

   PASS  Tests\Unit\Http\Livewire\ProductPageTest
  Ô£ô component can mount                                                                                                                                               2.19s  
  Ô£ô correct product is loaded                                                                                                                                         2.02s  
  Ô£ô product is visible                                                                                                                                                2.11s  

   FAIL  Tests\Feature\Http\Livewire\HomeTest
  Ô¿» example                                                                                                                                                           0.57s  
  ÔöÇÔöÇÔöÇÔöÇÔöÇÔöÇÔöÇÔöÇÔöÇÔöÇÔöÇÔöÇÔöÇÔöÇÔöÇÔöÇÔöÇÔöÇÔöÇÔöÇÔöÇÔöÇÔöÇÔöÇÔöÇÔöÇÔöÇÔöÇÔöÇÔöÇÔöÇÔöÇÔöÇÔöÇÔöÇÔöÇÔöÇÔöÇÔöÇÔöÇÔöÇÔöÇÔöÇÔöÇÔöÇÔöÇÔöÇÔöÇÔöÇÔöÇÔöÇÔöÇÔöÇÔöÇÔöÇÔöÇÔöÇÔöÇÔöÇÔöÇÔöÇÔöÇÔöÇÔöÇÔöÇÔöÇÔöÇÔöÇÔöÇÔöÇÔöÇÔöÇÔöÇÔöÇÔöÇÔöÇÔöÇÔöÇÔöÇÔöÇÔöÇÔöÇÔöÇÔöÇÔöÇÔöÇÔöÇÔöÇÔöÇÔöÇÔöÇÔöÇÔöÇÔöÇÔöÇÔöÇÔöÇÔöÇÔöÇÔöÇÔöÇÔöÇÔöÇÔöÇÔöÇÔöÇÔöÇÔöÇÔöÇÔöÇÔöÇÔöÇÔöÇÔöÇÔöÇÔöÇÔöÇÔöÇÔöÇÔöÇÔöÇÔöÇÔöÇÔöÇÔöÇÔöÇÔöÇÔöÇÔöÇÔöÇÔöÇÔöÇÔöÇÔöÇÔöÇÔöÇÔöÇÔöÇÔöÇÔöÇÔöÇÔöÇÔöÇÔöÇÔöÇÔöÇÔöÇÔöÇÔöÇÔöÇÔöÇÔöÇÔöÇÔöÇÔöÇÔöÇÔöÇÔöÇÔöÇÔöÇÔöÇÔöÇÔöÇÔöÇÔöÇÔöÇÔöÇÔöÇÔöÇ  
   FAILED  Tests\Feature\Http\Livewire\HomeTest > example                                                                                                                    
  Expected: <!DOCTYPE html>\r\n
<html lang="es">\r\n
\r\n
<head>\r\n
    <meta charset="utf-8">\r\n
    <meta\r\n
        name="viewport"\r\n
        content="width=device-width, initial-scale=1"\r\n
    >\r\n
    <title>Demo Storefront</title>\r\n
    <meta\r\n
        name="description"\r\n
        content="Outlet del Caf├® - Tu tienda de caf├® online."\r\n
    >\r\n
    <link rel="preconnect" href="https://fonts.googleapis.com">\r\n
    <link rel="preconnect" href="https://fonts.gstatic.com" crossorigin>\r\n
    <link href="https://fonts.googleapis.com/css2?family=Montserrat:wght@400;500;600;700&family=Oswald:wght@400;500;700&display=swap" rel="stylesheet">\r\n
    <link\r\n
        href="http://localhost:8000/css/app.css"\r\n
        rel="stylesheet"\r\n
    >\r\n
\r\n
    <link\r\n
        rel="icon"\r\n
        href="http://localhost:8000/favicon.svg"\r\n
    >\r\n
    <!-- Livewire Styles --><style >[wire\:loading][wire\:loading], [wire\:loading\.delay][wire\:loading\.delay], [wire\:loading\.inline-block][wire\:loading\.inline-block], [wire\:loading\.inline][wire\:loading\.inline], [wire\:loading\.block][wire\:loading\.block], [wire\:loading\.flex][wire\:loading\.flex], [wire\:loading\.table][wire\:loading\.table], [wire\:loading\.grid][wire\:loading\.grid], [wire\:loading\.inline-flex][wire\:loading\.inline-flex] {display: none;}[wire\:loading\.delay\.none][wire\:loading\.delay\.none], [wire\:loading\.delay\.shortest][wire\:loading\.delay\.shortest], [wire\:loading\.delay\.shorter][wire\:loading\.delay\.shorter], [wire\:loading\.delay\.short][wire\:loading\.delay\.short], [wire\:loading\.delay\.default][wire\:loading\.delay\.default], [wire\:loading\.delay\.long][wire\:loading\.delay\.long], [wire\:loading\.delay\.longer][wire\:loading\.delay\.longer], [wire\:loading\.delay\.longest][wire\:loading\.delay\.longest] {display: none;}[wire\:offline][wire\:offline] {display: none;}[wire\:dirty]:not(textarea):not(input):not(select) {display: none;}:root {--livewire-progress-bar-color: #2299dd;}[x-cloak] {display: none !important;}[wire\:cloak] {display: none !important;}dialog#livewire-error::backdrop {background-color: rgba(0, 0, 0, .6);}</style>\r\n
</head>\r\n
\r\n
<body class="antialiased text-gray-900">\r\n
    <header class="sticky top-0 z-50 bg-white shadow-sm">\r\n
    <!-- Top Bar -->\r\n
    <div class="bg-black h-[40px] flex items-center justify-between px-4 lg:px-8">\r\n
        <div class="flex space-x-6 text-xs text-white uppercase font-sans tracking-wide">\r\n
            <a href="#" class="hover:text-primary transition-colors">Caf├®</a>\r\n
            <a href="#" class="hover:text-primary transition-colors">Outlet del T├®</a>\r\n
            <a href="#" class="hover:text-primary transition-colors">Outlet Mayorista</a>\r\n
        </div>\r\n
        <div class="text-xs text-white font-sans">\r\n
            <span>Env├¡os a todo Chile</span>\r\n
        </div>\r\n
    </div>\r\n
\r\n
    <!-- Main Header -->\r\n
    <div class="flex items-center justify-between px-4 py-4 lg:px-8 bg-white border-b border-gray-100">\r\n
        <!-- Logo -->\r\n
        <div class="flex-shrink-0">\r\n
            <a href="/" class="flex items-center gap-2">\r\n
                <div class="w-12 h-12 bg-secondary rounded-full flex items-center justify-center text-white font-display font-bold text-xl border-2 border-primary">\r\n
                    OC\r\n
                </div>\r\n
                <span class="hidden sm:block font-display text-2xl font-bold text-secondary tracking-tighter uppercase">\r\n
                    Outlet del Caf├®\r\n
                </span>\r\n
            </a>\r\n
        </div>\r\n
\r\n
        <!-- Navigation (Desktop) -->\r\n
        <nav class="hidden lg:flex space-x-8">\r\n
            <a href="/search?term=ofertas" class="text-sm font-bold text-primary uppercase hover:text-secondary transition-colors">Ofertas</a>\r\n
            <div class="relative group">\r\n
                <button class="flex items-center text-sm font-bold text-secondary uppercase hover:text-primary transition-colors">\r\n
                    Tienda\r\n
                    <svg class="w-4 h-4 ml-1" fill="none" stroke="currentColor" viewBox="0 0 24 24"><path stroke-linecap="round" stroke-linejoin="round" stroke-width="2" d="M19 9l-7 7-7-7"></path></svg>\r\n
                </button>\r\n
                <!-- Dropdown placeholder -->\r\n
                <div class="absolute left-0 mt-2 w-48 bg-white shadow-lg rounded-md py-2 hidden group-hover:block border border-gray-100">\r\n
                    <a href="/collections/cafe-en-grano" class="block px-4 py-2 text-sm text-gray-700 hover:bg-gray-50 hover:text-primary">Caf├® en Grano</a>\r\n
                    <a href="/collections/cafe-molido" class="block px-4 py-2 text-sm text-gray-700 hover:bg-gray-50 hover:text-primary">Caf├® Molido</a>\r\n
                    <a href="/collections/capsulas" class="block px-4 py-2 text-sm text-gray-700 hover:bg-gray-50 hover:text-primary">C├ípsulas</a>\r\n
                    <a href="/collections/accesorios" class="block px-4 py-2 text-sm text-gray-700 hover:bg-gray-50 hover:text-primary">Accesorios</a>\r\n
                </div>\r\n
            </div>\r\n
            <a href="#" class="text-sm font-bold text-secondary uppercase hover:text-primary transition-colors">Regalos</a>\r\n
            <a href="#" class="text-sm font-bold text-secondary uppercase hover:text-primary transition-colors">Con├│cenos</a>\r\n
            <a href="#" class="text-sm font-bold text-secondary uppercase hover:text-primary transition-colors">Aprendizaje</a>\r\n
            <a href="#" class="text-sm font-bold text-secondary uppercase hover:text-primary transition-colors">Contacto</a>\r\n
        </nav>\r\n
\r\n
        <!-- Icons -->\r\n
        <div class="flex items-center space-x-6">\r\n
            <a href="/search" class="text-secondary hover:text-primary transition-colors">\r\n
                <span class="sr-only">Buscar</span>\r\n
                <svg class="w-6 h-6" fill="none" stroke="currentColor" viewBox="0 0 24 24"><path stroke-linecap="round" stroke-linejoin="round" stroke-width="2" d="M21 21l-6-6m2-5a7 7 0 11-14 0 7 7 0 0114 0z"></path></svg>\r\n
            </a>\r\n
            <a href="#" class="text-secondary hover:text-primary transition-colors">\r\n
                <span class="sr-only">Cuenta</span>\r\n
                <svg class="w-6 h-6" fill="none" stroke="currentColor" viewBox="0 0 24 24"><path stroke-linecap="round" stroke-linejoin="round" stroke-width="2" d="M16 7a4 4 0 11-8 0 4 4 0 018 0zM12 14a7 7 0 00-7 7h14a7 7 0 00-7-7z"></path></svg>\r\n
            </a>\r\n
            <div wire:snapshot="{&quot;data&quot;:{&quot;lines&quot;:[[],{&quot;s&quot;:&quot;arr&quot;}],&quot;linesVisible&quot;:false},&quot;memo&quot;:{&quot;id&quot;:&quot;cLL9btcIPM7PPvFO4Lm7&quot;,&quot;name&quot;:&quot;components.cart&quot;,&quot;path&quot;:&quot;\/&quot;,&quot;method&quot;:&quot;GET&quot;,&quot;release&quot;:&quot;a-a-a&quot;,&quot;children&quot;:[],&quot;scripts&quot;:[],&quot;assets&quot;:[],&quot;errors&quot;:[],&quot;locale&quot;:&quot;es&quot;},&quot;checksum&quot;:&quot;c86fa0920464fff3e3c85cf1da050d4a50028bbf9879456fb63f0c99afdc2d74&quot;}" wire:effects="{&quot;listeners&quot;:[&quot;add-to-cart&quot;]}" wire:id="cLL9btcIPM7PPvFO4Lm7" class="sm:relative"\r\n
     x-data="{\r\n
         linesVisible: window.Livewire.find('cLL9btcIPM7PPvFO4Lm7').entangle('linesVisible').live\r\n
     }">\r\n
    <button class="grid w-16 h-16 transition border-l border-gray-100 lg:border-l-transparent hover:opacity-75"\r\n
            x-on:click="linesVisible = !linesVisible">\r\n
        <span class="sr-only">Cart</span>\r\n
\r\n
        <span class="place-self-center">\r\n
            <svg xmlns="http://www.w3.org/2000/svg"\r\n
                 class="w-4 h-4"\r\n
                 fill="none"\r\n
                 viewBox="0 0 24 24"\r\n
                 stroke="currentColor">\r\n
                <path stroke-linecap="round"\r\n
                      stroke-linejoin="round"\r\n
                      stroke-width="2"\r\n
                      d="M16 11V7a4 4 0 00-8 0v4M5 9h14l1 12H4L5 9z" />\r\n
            </svg>\r\n
        </span>\r\n
    </button>\r\n
\r\n
    <div class="absolute inset-x-0 top-auto z-50 w-screen max-w-sm px-6 py-8 mx-auto mt-4 bg-white border border-gray-100 shadow-xl sm:left-auto rounded-xl"\r\n
         x-show="linesVisible"\r\n
         x-on:click.away="linesVisible = false"\r\n
         x-transition\r\n
         x-cloak>\r\n
        <button class="absolute text-gray-500 transition-transform top-3 right-3 hover:scale-110"\r\n
                type="button"\r\n
                aria-label="Close"\r\n
                x-on:click="linesVisible = false">\r\n
            <svg xmlns="http://www.w3.org/2000/svg"\r\n
                 class="w-4 h-4"\r\n
                 fill="none"\r\n
                 viewBox="0 0 24 24"\r\n
                 stroke="currentColor">\r\n
                <path stroke-linecap="round"\r\n
                      stroke-linejoin="round"\r\n
                      stroke-width="2"\r\n
                      d="M6 18L18 6M6 6l12 12" />\r\n
            </svg>\r\n
        </button>\r\n
\r\n
        <div>\r\n
            <!--[if BLOCK]><![endif]-->                <p class="py-4 text-sm font-medium text-center text-gray-500">\r\n
                    Your cart is empty\r\n
                </p>\r\n
            <!--[if ENDBLOCK]><![endif]-->        </div>\r\n
\r\n
        <!--[if BLOCK]><![endif]--><!--[if ENDBLOCK]><![endif]-->    </div>\r\n
</div>\r\n
        </div>\r\n
    </div>\r\n
</header>\r\n
\r\n
    <main>\r\n
        <div wire:snapshot="{&quot;data&quot;:[],&quot;memo&quot;:{&quot;id&quot;:&quot;fMSuRplbSTKlcT3jl2mL&quot;,&quot;name&quot;:&quot;home&quot;,&quot;path&quot;:&quot;\/&quot;,&quot;method&quot;:&quot;GET&quot;,&quot;release&quot;:&quot;a-a-a&quot;,&quot;children&quot;:[],&quot;scripts&quot;:[],&quot;assets&quot;:[],&quot;errors&quot;:[],&quot;locale&quot;:&quot;es&quot;},&quot;checksum&quot;:&quot;859908e40b0998e88b6d36a52d89582aa520a97b7b78747f13d0df05b7e6f064&quot;}" wire:effects="[]" wire:id="fMSuRplbSTKlcT3jl2mL">\r\n
    <!-- Hero Section -->\r\n
    <section class="relative bg-secondary overflow-hidden">\r\n
        <div class="absolute inset-0 opacity-20">\r\n
            <!-- Texture overlay or background image -->\r\n
            <img src="https://images.unsplash.com/photo-1447933601403-0c60ef7db969?ixlib=rb-4.0.3&auto=format&fit=crop&w=2000&q=80" class="w-full h-full object-cover" alt="Coffee Texture">\r\n
        </div>\r\n
        <div class="relative max-w-7xl mx-auto px-4 sm:px-6 lg:px-8 py-24 lg:py-32 flex flex-col items-center text-center">\r\n
            <span class="inline-block py-1 px-3 rounded bg-primary/20 text-primary border border-primary/30 text-xs font-bold uppercase tracking-widest mb-4 backdrop-blur-sm">\r\n
                Mercado Global\r\n
            </span>\r\n
            <h1 class="text-5xl md:text-7xl font-display font-bold text-white mb-6 uppercase tracking-tighter leading-none">\r\n
                ┬íAlerta en <br/><span class="text-primary">Mercado Global!</span>\r\n
            </h1>\r\n
            <p class="text-xl text-gray-300 max-w-2xl mb-8 font-light">\r\n
                Descubre nuestra selecci├│n exclusiva de caf├®s de origen ├║nico. Sabores intensos, aromas inolvidables y la mejor calidad directo a tu hogar.\r\n
            </p>\r\n
            <div class="flex gap-4">\r\n
                <a href="/collections/ofertas" class="inline-block bg-primary text-white font-bold py-4 px-8 rounded hover:bg-white hover:text-primary transition-all duration-300 uppercase tracking-wide shadow-lg shadow-primary/30">\r\n
                    Ver Ofertas\r\n
                </a>\r\n
                <a href="/collections/cafe-en-grano" class="inline-block bg-transparent border-2 border-white text-white font-bold py-4 px-8 rounded hover:bg-white hover:text-secondary transition-all duration-300 uppercase tracking-wide">\r\n
                    Explorar Caf├®\r\n
                </a>\r\n
            </div>\r\n
        </div>\r\n
    </section>\r\n
\r\n
    <!-- Countdown Section (Black Friday Style) -->\r\n
    <section class="bg-dark py-12 border-y border-gray-800 relative overflow-hidden">\r\n
        <div class="absolute inset-0 opacity-10 bg-[url('https://www.transparenttextures.com/patterns/cubes.png')]"></div>\r\n
        <div class="relative max-w-7xl mx-auto px-4 sm:px-6 lg:px-8 flex flex-col md:flex-row items-center justify-between gap-8">\r\n
            <div class="text-center md:text-left">\r\n
                <h2 class="text-4xl md:text-6xl font-display font-bold text-white italic tracking-tighter" style="text-shadow: 3px 3px 0px #4A0E76;">\r\n
                    BLACK FRIDAY\r\n
                </h2>\r\n
                <p class="text-accent font-bold uppercase tracking-widest mt-2">Ofertas por tiempo limitado</p>\r\n
            </div>\r\n
            \r\n
            <div x-data="countdown()" x-init="start()" class="flex gap-4 justify-center">\r\n
    <div class="flex flex-col items-center bg-white/10 backdrop-blur-sm rounded-lg p-3 min-w-[80px] border border-white/20">\r\n
        <span class="text-4xl font-display font-bold text-white" x-text="days">00</span>\r\n
        <span class="text-xs text-gray-300 uppercase tracking-wider">D├¡as</span>\r\n
    </div>\r\n
    <div class="flex flex-col items-center bg-white/10 backdrop-blur-sm rounded-lg p-3 min-w-[80px] border border-white/20">\r\n
        <span class="text-4xl font-display font-bold text-white" x-text="hours">00</span>\r\n
        <span class="text-xs text-gray-300 uppercase tracking-wider">Horas</span>\r\n
    </div>\r\n
    <div class="flex flex-col items-center bg-white/10 backdrop-blur-sm rounded-lg p-3 min-w-[80px] border border-white/20">\r\n
        <span class="text-4xl font-display font-bold text-white" x-text="minutes">00</span>\r\n
        <span class="text-xs text-gray-300 uppercase tracking-wider">Min</span>\r\n
    </div>\r\n
    <div class="flex flex-col items-center bg-white/10 backdrop-blur-sm rounded-lg p-3 min-w-[80px] border border-white/20">\r\n
        <span class="text-4xl font-display font-bold text-white" x-text="seconds">00</span>\r\n
        <span class="text-xs text-gray-300 uppercase tracking-wider">Seg</span>\r\n
    </div>\r\n
</div>\r\n
\r\n
<script>\r\n
    function countdown() {\r\n
        return {\r\n
            days: '00',\r\n
            hours: '00',\r\n
            minutes: '00',\r\n
            seconds: '00',\r\n
            endTime: new Date("Dec 31, 2025 23:59:59").getTime(),\r\n
            start() {\r\n
                setInterval(() => {\r\n
                    const now = new Date().getTime();\r\n
                    const distance = this.endTime - now;\r\n
\r\n
                    if (distance < 0) {\r\n
                        this.days = '00';\r\n
                        this.hours = '00';\r\n
                        this.minutes = '00';\r\n
                        this.seconds = '00';\r\n
                        return;\r\n
                    }\r\n
\r\n
                    this.days = String(Math.floor(distance / (1000 * 60 * 60 * 24))).padStart(2, '0');\r\n
                    this.hours = String(Math.floor((distance % (1000 * 60 * 60 * 24)) / (1000 * 60 * 60))).padStart(2, '0');\r\n
                    this.minutes = String(Math.floor((distance % (1000 * 60 * 60)) / (1000 * 60))).padStart(2, '0');\r\n
                    this.seconds = String(Math.floor((distance % (1000 * 60)) / 1000)).padStart(2, '0');\r\n
                }, 1000);\r\n
            }\r\n
        }\r\n
    }\r\n
</script>\r\n
            \r\n
            <a href="/collections/ofertas" class="inline-block bg-gradient-to-r from-accent to-purple-600 text-white font-bold py-3 px-8 rounded-full hover:shadow-lg hover:shadow-purple-500/50 transition-all duration-300 uppercase text-sm tracking-wider">\r\n
                M├ís Informaci├│n\r\n
            </a>\r\n
        </div>\r\n
    </section>\r\n
\r\n
    <!-- Visual Navigation (Categories) -->\r\n
    <section class="py-16 bg-light">\r\n
        <div class="max-w-7xl mx-auto px-4 sm:px-6 lg:px-8">\r\n
            <h2 class="text-3xl font-display font-bold text-secondary uppercase mb-8 border-l-4 border-primary pl-4">\r\n
                Explora por Categor├¡a\r\n
            </h2>\r\n
            \r\n
            <div class="grid grid-cols-1 md:grid-cols-2 gap-4 mb-4">\r\n
                <!-- Large Card 1 -->\r\n
                <a href="/collections/cafe-en-grano" class="relative h-64 rounded-lg overflow-hidden group">\r\n
                    <img src="https://images.unsplash.com/photo-1497935586351-b67a49e012bf?ixlib=rb-4.0.3&auto=format&fit=crop&w=800&q=80" class="w-full h-full object-cover transition-transform duration-700 group-hover:scale-110" alt="Caf├® en Grano">\r\n
                    <div class="absolute inset-0 bg-gradient-to-t from-black/80 to-transparent flex items-end p-6">\r\n
                        <div>\r\n
                            <h3 class="text-2xl font-display font-bold text-white uppercase">Caf├® en Grano</h3>\r\n
                            <p class="text-gray-300 text-sm mt-1 opacity-0 group-hover:opacity-100 transition-opacity duration-300">La experiencia m├ís fresca</p>\r\n
                        </div>\r\n
                    </div>\r\n
                </a>\r\n
                <!-- Large Card 2 -->\r\n
                <a href="/collections/cafe-molido" class="relative h-64 rounded-lg overflow-hidden group">\r\n
                    <img src="https://images.unsplash.com/photo-1559056199-641a0ac8b55e?ixlib=rb-4.0.3&auto=format&fit=crop&w=800&q=80" class="w-full h-full object-cover transition-transform duration-700 group-hover:scale-110" alt="Caf├® Molido">\r\n
                    <div class="absolute inset-0 bg-gradient-to-t from-black/80 to-transparent flex items-end p-6">\r\n
                        <div>\r\n
                            <h3 class="text-2xl font-display font-bold text-white uppercase">Caf├® Molido</h3>\r\n
                            <p class="text-gray-300 text-sm mt-1 opacity-0 group-hover:opacity-100 transition-opacity duration-300">Listo para preparar</p>\r\n
                        </div>\r\n
                    </div>\r\n
                </a>\r\n
            </div>\r\n
            \r\n
            <div class="grid grid-cols-2 md:grid-cols-4 gap-4">\r\n
                <!-- Small Card 1 -->\r\n
                <a href="/collections/capsulas" class="relative h-48 rounded-lg overflow-hidden group">\r\n
                    <img src="https://images.unsplash.com/photo-1621960166946-b677a2a02d41?ixlib=rb-4.0.3&auto=format&fit=crop&w=400&q=80" class="w-full h-full object-cover transition-transform duration-700 group-hover:scale-110" alt="C├ípsulas">\r\n
                    <div class="absolute inset-0 bg-black/40 group-hover:bg-black/20 transition-colors flex items-center justify-center">\r\n
                        <h3 class="text-xl font-display font-bold text-white uppercase drop-shadow-md">C├ípsulas</h3>\r\n
                    </div>\r\n
                </a>\r\n
                <!-- Small Card 2 -->\r\n
                <a href="/collections/accesorios" class="relative h-48 rounded-lg overflow-hidden group">\r\n
                    <img src="https://images.unsplash.com/photo-1517080319559-22442aa29a56?ixlib=rb-4.0.3&auto=format&fit=crop&w=400&q=80" class="w-full h-full object-cover transition-transform duration-700 group-hover:scale-110" alt="Accesorios">\r\n
                    <div class="absolute inset-0 bg-black/40 group-hover:bg-black/20 transition-colors flex items-center justify-center">\r\n
                        <h3 class="text-xl font-display font-bold text-white uppercase drop-shadow-md">Accesorios</h3>\r\n
                    </div>\r\n
                </a>\r\n
                <!-- Small Card 3 -->\r\n
                <a href="/collections/ofertas" class="relative h-48 rounded-lg overflow-hidden group">\r\n
                    <img src="https://images.unsplash.com/photo-1514432324607-a09d9b4aefdd?ixlib=rb-4.0.3&auto=format&fit=crop&w=400&q=80" class="w-full h-full object-cover transition-transform duration-700 group-hover:scale-110" alt="Ofertas">\r\n
                    <div class="absolute inset-0 bg-primary/60 group-hover:bg-primary/40 transition-colors flex items-center justify-center">\r\n
                        <h3 class="text-xl font-display font-bold text-white uppercase drop-shadow-md">Ofertas</h3>\r\n
                    </div>\r\n
                </a>\r\n
                <!-- Small Card 4 -->\r\n
                <a href="#" class="relative h-48 rounded-lg overflow-hidden group">\r\n
                    <img src="https://images.unsplash.com/photo-1495474472287-4d71bcdd2085?ixlib=rb-4.0.3&auto=format&fit=crop&w=400&q=80" class="w-full h-full object-cover transition-transform duration-700 group-hover:scale-110" alt="Blog">\r\n
                    <div class="absolute inset-0 bg-black/40 group-hover:bg-black/20 transition-colors flex items-center justify-center">\r\n
                        <h3 class="text-xl font-display font-bold text-white uppercase drop-shadow-md">Blog</h3>\r\n
                    </div>\r\n
                </a>\r\n
            </div>\r\n
        </div>\r\n
    </section>\r\n
\r\n
    <!-- Product Grid (Sale Collection) -->\r\n
    <!--[if BLOCK]><![endif]--><!--[if ENDBLOCK]><![endif]-->\r\n
    <!-- Trust Badges -->\r\n
    <section class="py-12 bg-light border-t border-gray-200">\r\n
        <div class="max-w-7xl mx-auto px-4 sm:px-6 lg:px-8">\r\n
            <div class="grid grid-cols-2 md:grid-cols-4 gap-8 text-center">\r\n
                <div class="flex flex-col items-center">\r\n
                    <div class="w-12 h-12 rounded-full bg-white border border-gray-200 flex items-center justify-center mb-4 text-primary">\r\n
                        <svg class="w-6 h-6" fill="none" stroke="currentColor" viewBox="0 0 24 24"><path stroke-linecap="round" stroke-linejoin="round" stroke-width="2" d="M5 13l4 4L19 7"></path></svg>\r\n
                    </div>\r\n
                    <h3 class="font-display font-bold text-secondary uppercase mb-1">Calidad Garantizada</h3>\r\n
                    <p class="text-xs text-gray-500">Selecci├│n premium</p>\r\n
                </div>\r\n
                <div class="flex flex-col items-center">\r\n
                    <div class="w-12 h-12 rounded-full bg-white border border-gray-200 flex items-center justify-center mb-4 text-primary">\r\n
                        <svg class="w-6 h-6" fill="none" stroke="currentColor" viewBox="0 0 24 24"><path stroke-linecap="round" stroke-linejoin="round" stroke-width="2" d="M12 8v4l3 3m6-3a9 9 0 11-18 0 9 9 0 0118 0z"></path></svg>\r\n
                    </div>\r\n
                    <h3 class="font-display font-bold text-secondary uppercase mb-1">Env├¡os R├ípidos</h3>\r\n
                    <p class="text-xs text-gray-500">A todo Chile</p>\r\n
                </div>\r\n
                <div class="flex flex-col items-center">\r\n
                    <div class="w-12 h-12 rounded-full bg-white border border-gray-200 flex items-center justify-center mb-4 text-primary">\r\n
                        <svg class="w-6 h-6" fill="none" stroke="currentColor" viewBox="0 0 24 24"><path stroke-linecap="round" stroke-linejoin="round" stroke-width="2" d="M3 10h18M7 15h1m4 0h1m-7 4h12a3 3 0 003-3V8a3 3 0 00-3-3H6a3 3 0 00-3 3v8a3 3 0 003 3z"></path></svg>\r\n
                    </div>\r\n
                    <h3 class="font-display font-bold text-secondary uppercase mb-1">Pago Seguro</h3>\r\n
                    <p class="text-xs text-gray-500">Transbank y m├ís</p>\r\n
                </div>\r\n
                <div class="flex flex-col items-center">\r\n
                    <div class="w-12 h-12 rounded-full bg-white border border-gray-200 flex items-center justify-center mb-4 text-primary">\r\n
                        <svg class="w-6 h-6" fill="none" stroke="currentColor" viewBox="0 0 24 24"><path stroke-linecap="round" stroke-linejoin="round" stroke-width="2" d="M18.364 5.636l-3.536 3.536m0 5.656l3.536 3.536M9.172 9.172L5.636 5.636m3.536 9.192l-3.536 3.536M21 12a9 9 0 11-18 0 9 9 0 0118 0zm-5 0a4 4 0 11-8 0 4 4 0 018 0z"></path></svg>\r\n
                    </div>\r\n
                    <h3 class="font-display font-bold text-secondary uppercase mb-1">Soporte 24/7</h3>\r\n
                    <p class="text-xs text-gray-500">Estamos para ayudarte</p>\r\n
                </div>\r\n
            </div>\r\n
        </div>\r\n
    </section>\r\n
</div>\r\n
            </main>\r\n
\r\n
    <footer class="bg-dark text-white pt-0">\r\n
    <!-- Wave Divider -->\r\n
    <div class="w-full overflow-hidden leading-[0] transform rotate-180">\r\n
        <svg class="relative block w-[calc(100%+1.3px)] h-[50px]" data-name="Layer 1" xmlns="http://www.w3.org/2000/svg" viewBox="0 0 1200 120" preserveAspectRatio="none">\r\n
            <path d="M321.39,56.44c58-10.79,114.16-30.13,172-41.86,82.39-16.72,168.19-17.73,250.45-.39C823.78,31,906.67,72,985.66,92.83c70.05,18.48,146.53,26.09,214.34,3V0H0V27.35A600.21,600.21,0,0,0,321.39,56.44Z" fill="#FFFFFF"></path>\r\n
        </svg>\r\n
    </div>\r\n
\r\n
    <div class="max-w-7xl mx-auto px-4 sm:px-6 lg:px-8 py-12">\r\n
        <div class="grid grid-cols-1 md:grid-cols-2 lg:grid-cols-4 gap-8">\r\n
            <!-- Column 1: Brand -->\r\n
            <div>\r\n
                <div class="flex items-center gap-2 mb-6">\r\n
                    <div class="w-10 h-10 bg-primary rounded-full flex items-center justify-center text-white font-display font-bold text-lg">\r\n
                        OC\r\n
                    </div>\r\n
                    <span class="font-display text-xl font-bold tracking-tighter uppercase">\r\n
                        Outlet del Caf├®\r\n
                    </span>\r\n
                </div>\r\n
                <p class="text-gray-400 text-sm leading-relaxed">\r\n
                    Llevamos el mejor caf├® del mundo directamente a tu taza. Calidad premium, precios justos y env├¡os a todo Chile.\r\n
                </p>\r\n
                <div class="mt-6 flex space-x-4">\r\n
                    <!-- Social Icons Placeholder -->\r\n
                    <a href="#" class="text-gray-400 hover:text-primary"><span class="sr-only">Facebook</span><svg class="h-6 w-6" fill="currentColor" viewBox="0 0 24 24"><path fill-rule="evenodd" d="M22 12c0-5.523-4.477-10-10-10S2 6.477 2 12c0 4.991 3.657 9.128 8.438 9.878v-6.987h-2.54V12h2.54V9.797c0-2.506 1.492-3.89 3.777-3.89 1.094 0 2.238.195 2.238.195v2.46h-1.26c-1.243 0-1.63.771-1.63 1.562V12h2.773l-.443 2.89h-2.33v6.988C18.343 21.128 22 16.991 22 12z" clip-rule="evenodd" /></svg></a>\r\n
                    <a href="#" class="text-gray-400 hover:text-primary"><span class="sr-only">Instagram</span><svg class="h-6 w-6" fill="currentColor" viewBox="0 0 24 24"><path fill-rule="evenodd" d="M12.315 2c2.43 0 2.784.013 3.808.06 1.064.049 1.791.218 2.427.465a4.902 4.902 0 011.772 1.153 4.902 4.902 0 011.153 1.772c.247.636.416 1.363.465 2.427.048 1.067.06 1.407.06 4.123v.08c0 2.643-.012 2.987-.06 4.043-.049 1.064-.218 1.791-.465 2.427a4.902 4.902 0 01-1.153 1.772 4.902 4.902 0 01-1.772 1.153c-.636.247-1.363.416-2.427.465-1.067.048-1.407.06-4.123.06h-.08c-2.643 0-2.987-.012-4.043-.06-1.064-.049-1.791-.218-2.427-.465a4.902 4.902 0 01-1.772-1.153 4.902 4.902 0 01-1.153-1.772c-.247-.636-.416-1.363-.465-2.427-.047-1.024-.06-1.379-.06-3.808v-.63c0-2.43.013-2.784.06-3.808.049-1.064.218-1.791.465-2.427a4.902 4.902 0 011.153-1.772 4.902 4.902 0 011.772-1.153c.636-.247 1.363-.416 2.427-.465C9.673 2.013 10.03 2 12.48 2h-.165zm-3.77 1.476c-1.04.048-1.603.224-1.98.37-.492.192-.843.42-1.21.788a3.13 3.13 0 00-.788 1.21c-.146.377-.322.94-.37 1.98-.048 1.062-.058 1.38-.058 4.056 0 2.675.01 2.993.058 4.056.048 1.04.224 1.603.37 1.98.192.492.42.843.788 1.21.367.367.718.596 1.21.788.377.146.94.322 1.98.37 1.062.048 1.38.058 4.056.058 2.675 0 2.993-.01 4.056-.058 1.04-.048 1.603-.224 1.98-.37.492-.192.843-.42 1.21-.788.367-.367.596-.718.788-1.21.146-.377.322-.94.37-1.98.048-1.062.058-1.38.058-4.056 0-2.675-.01-2.993-.058-4.056-.048-1.04-.224-1.603-.37-1.98-.192-.492-.42-.843-.788-1.21a3.13 3.13 0 00-1.21-.788c-.377-.146-.94-.322-1.98-.37-1.062-.048-1.38-.058-4.056-.058-2.625 0-2.924.01-3.848.058.05.002.098.006.147.011zM12.48 6.666a5.334 5.334 0 110 10.668 5.334 5.334 0 010-10.668zm0 1.778a3.556 3.556 0 100 7.112 3.556 3.556 0 000-7.112zM17.334 5.334a1.185 1.185 0 110 2.37 1.185 1.185 0 010-2.37z" clip-rule="evenodd" /></svg></a>\r\n
                </div>\r\n
            </div>\r\n
\r\n
            <!-- Column 2: Links -->\r\n
            <div>\r\n
                <h3 class="text-white font-display font-bold text-lg uppercase mb-6">Pol├¡ticas</h3>\r\n
                <ul class="space-y-3">\r\n
                    <li><a href="/terminos-y-condiciones" class="text-gray-400 hover:text-primary text-sm">T├®rminos y Condiciones</a></li>\r\n
                    <li><a href="/politica-de-privacidad" class="text-gray-400 hover:text-primary text-sm">Pol├¡tica de Privacidad</a></li>\r\n
                    <li><a href="/derecho-a-retracto" class="text-gray-400 hover:text-primary text-sm">Derecho a Retracto</a></li>\r\n
                    <li><a href="/despacho" class="text-gray-400 hover:text-primary text-sm">Informaci├│n de Despacho</a></li>\r\n
                </ul>\r\n
            </div>\r\n
\r\n
            <!-- Column 3: Links -->\r\n
            <div>\r\n
                <h3 class="text-white font-display font-bold text-lg uppercase mb-6">Tienda</h3>\r\n
                <ul class="space-y-3">\r\n
                    <li><a href="/collections/ofertas" class="text-gray-400 hover:text-primary text-sm">Ofertas</a></li>\r\n
                    <li><a href="/collections/cafe-en-grano" class="text-gray-400 hover:text-primary text-sm">Caf├® en Grano</a></li>\r\n
                    <li><a href="/collections/cafe-molido" class="text-gray-400 hover:text-primary text-sm">Caf├® Molido</a></li>\r\n
                    <li><a href="/collections/capsulas" class="text-gray-400 hover:text-primary text-sm">C├ípsulas</a></li>\r\n
                </ul>\r\n
            </div>\r\n
\r\n
            <!-- Column 4: Contact -->\r\n
            <div>\r\n
                <h3 class="text-white font-display font-bold text-lg uppercase mb-6">Contacto</h3>\r\n
                <ul class="space-y-3">\r\n
                    <li class="flex items-start gap-3">\r\n
                        <svg class="w-5 h-5 text-primary mt-0.5" fill="none" stroke="currentColor" viewBox="0 0 24 24"><path stroke-linecap="round" stroke-linejoin="round" stroke-width="2" d="M17.657 16.657L13.414 20.9a1.998 1.998 0 01-2.827 0l-4.244-4.243a8 8 0 1111.314 0z"></path><path stroke-linecap="round" stroke-linejoin="round" stroke-width="2" d="M15 11a3 3 0 11-6 0 3 3 0 016 0z"></path></svg>\r\n
                        <span class="text-gray-400 text-sm">Av. Providencia 1234, Santiago, Chile</span>\r\n
                    </li>\r\n
                    <li class="flex items-start gap-3">\r\n
                        <svg class="w-5 h-5 text-primary mt-0.5" fill="none" stroke="currentColor" viewBox="0 0 24 24"><path stroke-linecap="round" stroke-linejoin="round" stroke-width="2" d="M3 8l7.89 5.26a2 2 0 002.22 0L21 8M5 19h14a2 2 0 002-2V7a2 2 0 00-2-2H5a2 2 0 00-2 2v10a2 2 0 002 2z"></path></svg>\r\n
                        <span class="text-gray-400 text-sm">contacto@outletdelcafe.cl</span>\r\n
                    </li>\r\n
                    <li class="flex items-start gap-3">\r\n
                        <svg class="w-5 h-5 text-primary mt-0.5" fill="none" stroke="currentColor" viewBox="0 0 24 24"><path stroke-linecap="round" stroke-linejoin="round" stroke-width="2" d="M3 5a2 2 0 012-2h3.28a1 1 0 01.948.684l1.498 4.493a1 1 0 01-.502 1.21l-2.257 1.13a11.042 11.042 0 005.516 5.516l1.13-2.257a1 1 0 011.21-.502l4.493 1.498a1 1 0 01.684.949V19a2 2 0 01-2 2h-1C9.716 21 3 14.284 3 6V5z"></path></svg>\r\n
                        <span class="text-gray-400 text-sm">+56 2 2345 6789</span>\r\n
                    </li>\r\n
                </ul>\r\n
            </div>\r\n
        </div>\r\n
        <div class="border-t border-gray-800 mt-12 pt-8 text-center">\r\n
            <p class="text-gray-500 text-xs">\r\n
                &copy; 2025 Outlet del Caf├®. Todos los derechos reservados.\r\n
            </p>\r\n
        </div>\r\n
    </div>\r\n
</footer>\r\n
\r\n
    <script src="/livewire/livewire.min.js?id=f084fdfb"   data-csrf="OYzkECKp63oZQVU4nZnzToPqpurQb3TW7pXAXVrN" data-update-uri="/livewire/update" data-navigate-once="true"></script>\r\n
</body>\r\n
\r\n
</html>\r\n


  To contain: &quot;name&quot;:&quot;components.navigation&quot;

  at vendor\livewire\livewire\src\Features\SupportTesting\SupportTesting.php:54
     50Ôûò                 $component = app(ComponentRegistry::class)->getName($component);
     51Ôûò             }
     52Ôûò             $escapedComponentName = trim(htmlspecialchars(json_encode(['name' => $component])), '{}');
     53Ôûò 
  Ô×£  54Ôûò             \PHPUnit\Framework\Assert::assertStringContainsString(
     55Ôûò                 $escapedComponentName,
     56Ôûò                 $this->getContent(),
     57Ôûò                 'Cannot find Livewire component ['.$component.'] rendered on page.'
     58Ôûò             );

  1   vendor\livewire\livewire\src\Features\SupportTesting\SupportTesting.php:54
  2   vendor\laravel\framework\src\Illuminate\Macroable\Traits\Macroable.php:126


  Tests:    1 failed, 17 passed (71 assertions)
  Duration: 17.54s

